Copyright 1986-2022 Xilinx, Inc. All Rights Reserved. Copyright 2022-2026 Advanced Micro Devices, Inc. All Rights Reserved.
---------------------------------------------------------------------------------------------------------------------------------------------------------------------------------------------------------------------
| Tool Version : Vivado v.2026.1 (win64) Build 6511674 Tue Jun 16 11:02:23 MDT 2026
| Date         : Mon Sep 21 23:15:12 2026
| Host         : W-G15 running 64-bit major release  (build 9200)
| Command      : report_timing_summary -max_paths 10 -routable_nets -report_unconstrained -file top_timing_summary_routed.rpt -pb top_timing_summary_routed.pb -rpx top_timing_summary_routed.rpx -warn_on_violation
| Design       : top
| Device       : xa7a12t-cpg238
| Speed File   : -2I  PRODUCTION 1.16 2018-06-13
| Design State : Routed
---------------------------------------------------------------------------------------------------------------------------------------------------------------------------------------------------------------------

Timing Summary Report

------------------------------------------------------------------------------------------------
| Timer Settings
| --------------
------------------------------------------------------------------------------------------------

  Enable Multi Corner Analysis               :  Yes
  Enable Pessimism Removal                   :  Yes
  Pessimism Removal Resolution               :  Nearest Common Node
  Enable Input Delay Default Clock           :  No
  Enable Preset / Clear Arcs                 :  No
  Disable Flight Delays                      :  No
  Ignore I/O Paths                           :  No
  Timing Early Launch at Borrowing Latches   :  No
  Borrow Time for Max Delay Exceptions       :  Yes
  Merge Timing Exceptions                    :  Yes
  Inter-SLR Compensation                     :  Conservative

  Corner  Analyze    Analyze    
  Name    Max Paths  Min Paths  
  ------  ---------  ---------  
  Slow    Yes        Yes        
  Fast    Yes        Yes        


------------------------------------------------------------------------------------------------
| Report Methodology
| ------------------
------------------------------------------------------------------------------------------------

Rule       Severity          Description                  Violations  
---------  ----------------  ---------------------------  ----------  
TIMING-17  Critical Warning  Non-clocked sequential cell  12          

Note: This report is based on the most recent report_methodology run and may not be up-to-date. Run report_methodology on the current design for the latest report.



check_timing report

Table of Contents
-----------------
1. checking no_clock (12)
2. checking constant_clock (0)
3. checking pulse_width_clock (0)
4. checking unconstrained_internal_endpoints (24)
5. checking no_input_delay (5)
6. checking no_output_delay (6)
7. checking multiple_clock (0)
8. checking generated_clocks (0)
9. checking loops (0)
10. checking partial_input_delay (0)
11. checking partial_output_delay (0)
12. checking latch_loops (0)

1. checking no_clock (12)
-------------------------
 There are 12 register/latch pins with no clock driven by root clock pin: CLK100MHZ (HIGH)


2. checking constant_clock (0)
------------------------------
 There are 0 register/latch pins with constant_clock.


3. checking pulse_width_clock (0)
---------------------------------
 There are 0 register/latch pins which need pulse_width check


4. checking unconstrained_internal_endpoints (24)
-------------------------------------------------
 There are 24 pins that are not constrained for maximum delay. (HIGH)

 There are 0 pins that are not constrained for maximum delay due to constant clock.


5. checking no_input_delay (5)
------------------------------
 There are 5 input ports with no input delay specified. (HIGH)

 There are 0 input ports with no input delay but user has a false path constraint.


6. checking no_output_delay (6)
-------------------------------
 There are 6 ports with no output delay specified. (HIGH)

 There are 0 ports with no output delay but user has a false path constraint

 There are 0 ports with no output delay but with a timing clock defined on it or propagating through it


7. checking multiple_clock (0)
------------------------------
 There are 0 register/latch pins with multiple clocks.


8. checking generated_clocks (0)
--------------------------------
 There are 0 generated clocks that are not connected to a clock source.


9. checking loops (0)
---------------------
 There are 0 combinational loops in the design.


10. checking partial_input_delay (0)
------------------------------------
 There are 0 input ports with partial input delay specified.


11. checking partial_output_delay (0)
-------------------------------------
 There are 0 ports with partial output delay specified.


12. checking latch_loops (0)
----------------------------
 There are 0 combinational latch loops in the design through latch input



------------------------------------------------------------------------------------------------
| Design Timing Summary
| ---------------------
------------------------------------------------------------------------------------------------

    WNS(ns)      TNS(ns)  TNS Failing Endpoints  TNS Total Endpoints      WHS(ns)      THS(ns)  THS Failing Endpoints  THS Total Endpoints     WPWS(ns)     TPWS(ns)  TPWS Failing Endpoints  TPWS Total Endpoints  
    -------      -------  ---------------------  -------------------      -------      -------  ---------------------  -------------------     --------     --------  ----------------------  --------------------  
        inf        0.000                      0                   30          inf        0.000                      0                   30           NA           NA                      NA                    NA  


There are no user specified timing constraints.


------------------------------------------------------------------------------------------------
| Clock Summary
| -------------
------------------------------------------------------------------------------------------------


------------------------------------------------------------------------------------------------
| Intra Clock Table
| -----------------
------------------------------------------------------------------------------------------------

Clock             WNS(ns)      TNS(ns)  TNS Failing Endpoints  TNS Total Endpoints      WHS(ns)      THS(ns)  THS Failing Endpoints  THS Total Endpoints     WPWS(ns)     TPWS(ns)  TPWS Failing Endpoints  TPWS Total Endpoints  
-----             -------      -------  ---------------------  -------------------      -------      -------  ---------------------  -------------------     --------     --------  ----------------------  --------------------  


------------------------------------------------------------------------------------------------
| Inter Clock Table
| -----------------
------------------------------------------------------------------------------------------------

From Clock    To Clock          WNS(ns)      TNS(ns)  TNS Failing Endpoints  TNS Total Endpoints      WHS(ns)      THS(ns)  THS Failing Endpoints  THS Total Endpoints  
----------    --------          -------      -------  ---------------------  -------------------      -------      -------  ---------------------  -------------------  


------------------------------------------------------------------------------------------------
| Other Path Groups Table
| -----------------------
------------------------------------------------------------------------------------------------

Path Group    From Clock    To Clock          WNS(ns)      TNS(ns)  TNS Failing Endpoints  TNS Total Endpoints      WHS(ns)      THS(ns)  THS Failing Endpoints  THS Total Endpoints  
----------    ----------    --------          -------      -------  ---------------------  -------------------      -------      -------  ---------------------  -------------------  


------------------------------------------------------------------------------------------------
| User Ignored Path Table
| -----------------------
------------------------------------------------------------------------------------------------

Path Group    From Clock    To Clock    
----------    ----------    --------    


------------------------------------------------------------------------------------------------
| Unconstrained Path Table
| ------------------------
------------------------------------------------------------------------------------------------

Path Group    From Clock    To Clock    
----------    ----------    --------    
(none)                                    


------------------------------------------------------------------------------------------------
| Timing Details
| --------------
------------------------------------------------------------------------------------------------


--------------------------------------------------------------------------------------
Path Group:  (none)
From Clock:  
  To Clock:  

Max Delay            30 Endpoints
Min Delay            30 Endpoints
--------------------------------------------------------------------------------------


Max Delay Paths
--------------------------------------------------------------------------------------
Slack:                    inf
  Source:                 SEL1
                            (input port)
  Destination:            B_mealy
                            (output port)
  Path Group:             (none)
  Path Type:              Max at Slow Process Corner
  Data Path Delay:        6.210ns  (logic 3.490ns (56.203%)  route 2.720ns (43.797%))
  Logic Levels:           3  (IBUF=1 LUT4=1 OBUF=1)

    Location             Delay type                Incr(ns)  Path(ns)    Netlist Resource(s)
  -------------------------------------------------------------------    -------------------
    W18                                               0.000     0.000 r  SEL1
                         net (fo=0)                   0.000     0.000    SEL1
    W18                  IBUF (Prop_ibuf_I_O)         0.868     0.868 r  SEL1_IBUF_inst/O
                         net (fo=9, routed)           1.226     2.094    fsm_mealy/SEL1_IBUF
    SLICE_X0Y4           LUT4 (Prop_lut4_I3_O)        0.119     2.213 r  fsm_mealy/B_mealy_OBUF_inst_i_1/O
                         net (fo=1, routed)           1.494     3.707    B_mealy_OBUF
    W15                  OBUF (Prop_obuf_I_O)         2.503     6.210 r  B_mealy_OBUF_inst/O
                         net (fo=0)                   0.000     6.210    B_mealy
    W15                                                               r  B_mealy
  -------------------------------------------------------------------    -------------------

Slack:                    inf
  Source:                 SEL1
                            (input port)
  Destination:            A_mealy
                            (output port)
  Path Group:             (none)
  Path Type:              Max at Slow Process Corner
  Data Path Delay:        5.938ns  (logic 3.303ns (55.629%)  route 2.635ns (44.371%))
  Logic Levels:           3  (IBUF=1 LUT4=1 OBUF=1)

    Location             Delay type                Incr(ns)  Path(ns)    Netlist Resource(s)
  -------------------------------------------------------------------    -------------------
    W18                                               0.000     0.000 f  SEL1
                         net (fo=0)                   0.000     0.000    SEL1
    W18                  IBUF (Prop_ibuf_I_O)         0.868     0.868 f  SEL1_IBUF_inst/O
                         net (fo=9, routed)           1.218     2.087    fsm_mealy/SEL1_IBUF
    SLICE_X0Y4           LUT4 (Prop_lut4_I2_O)        0.105     2.192 r  fsm_mealy/A_mealy_OBUF_inst_i_1/O
                         net (fo=1, routed)           1.416     3.608    A_mealy_OBUF
    U14                  OBUF (Prop_obuf_I_O)         2.330     5.938 r  A_mealy_OBUF_inst/O
                         net (fo=0)                   0.000     5.938    A_mealy
    U14                                                               r  A_mealy
  -------------------------------------------------------------------    -------------------

Slack:                    inf
  Source:                 SEL1
                            (input port)
  Destination:            C_mealy
                            (output port)
  Path Group:             (none)
  Path Type:              Max at Slow Process Corner
  Data Path Delay:        5.789ns  (logic 3.306ns (57.113%)  route 2.483ns (42.887%))
  Logic Levels:           3  (IBUF=1 LUT4=1 OBUF=1)

    Location             Delay type                Incr(ns)  Path(ns)    Netlist Resource(s)
  -------------------------------------------------------------------    -------------------
    W18                                               0.000     0.000 r  SEL1
                         net (fo=0)                   0.000     0.000    SEL1
    W18                  IBUF (Prop_ibuf_I_O)         0.868     0.868 r  SEL1_IBUF_inst/O
                         net (fo=9, routed)           1.226     2.094    fsm_mealy/SEL1_IBUF
    SLICE_X0Y4           LUT4 (Prop_lut4_I2_O)        0.105     2.199 r  fsm_mealy/C_mealy_OBUF_inst_i_1/O
                         net (fo=1, routed)           1.256     3.456    C_mealy_OBUF
    V14                  OBUF (Prop_obuf_I_O)         2.333     5.789 r  C_mealy_OBUF_inst/O
                         net (fo=0)                   0.000     5.789    C_mealy
    V14                                                               r  C_mealy
  -------------------------------------------------------------------    -------------------

Slack:                    inf
  Source:                 fsm_moore/FSM_onehot_state_reg[6]_lopt_replica/C
                            (rising edge-triggered cell FDCE)
  Destination:            C_moore
                            (output port)
  Path Group:             (none)
  Path Type:              Max at Slow Process Corner
  Data Path Delay:        4.185ns  (logic 2.809ns (67.133%)  route 1.375ns (32.867%))
  Logic Levels:           2  (FDCE=1 OBUF=1)

    Location             Delay type                Incr(ns)  Path(ns)    Netlist Resource(s)
  -------------------------------------------------------------------    -------------------
    SLICE_X0Y5           FDCE                         0.000     0.000 r  fsm_moore/FSM_onehot_state_reg[6]_lopt_replica/C
    SLICE_X0Y5           FDCE (Prop_fdce_C_Q)         0.348     0.348 r  fsm_moore/FSM_onehot_state_reg[6]_lopt_replica/Q
                         net (fo=1, routed)           1.375     1.723    lopt_2
    U16                  OBUF (Prop_obuf_I_O)         2.461     4.185 r  C_moore_OBUF_inst/O
                         net (fo=0)                   0.000     4.185    C_moore
    U16                                                               r  C_moore
  -------------------------------------------------------------------    -------------------

Slack:                    inf
  Source:                 fsm_moore/FSM_onehot_state_reg[4]_lopt_replica/C
                            (rising edge-triggered cell FDCE)
  Destination:            A_moore
                            (output port)
  Path Group:             (none)
  Path Type:              Max at Slow Process Corner
  Data Path Delay:        4.151ns  (logic 2.721ns (65.543%)  route 1.430ns (34.457%))
  Logic Levels:           2  (FDCE=1 OBUF=1)

    Location             Delay type                Incr(ns)  Path(ns)    Netlist Resource(s)
  -------------------------------------------------------------------    -------------------
    SLICE_X0Y4           FDCE                         0.000     0.000 r  fsm_moore/FSM_onehot_state_reg[4]_lopt_replica/C
    SLICE_X0Y4           FDCE (Prop_fdce_C_Q)         0.379     0.379 r  fsm_moore/FSM_onehot_state_reg[4]_lopt_replica/Q
                         net (fo=1, routed)           1.430     1.809    lopt
    W16                  OBUF (Prop_obuf_I_O)         2.342     4.151 r  A_moore_OBUF_inst/O
                         net (fo=0)                   0.000     4.151    A_moore
    W16                                                               r  A_moore
  -------------------------------------------------------------------    -------------------

Slack:                    inf
  Source:                 fsm_moore/FSM_onehot_state_reg[5]_lopt_replica/C
                            (rising edge-triggered cell FDCE)
  Destination:            B_moore
                            (output port)
  Path Group:             (none)
  Path Type:              Max at Slow Process Corner
  Data Path Delay:        4.116ns  (logic 2.719ns (66.052%)  route 1.397ns (33.948%))
  Logic Levels:           2  (FDCE=1 OBUF=1)

    Location             Delay type                Incr(ns)  Path(ns)    Netlist Resource(s)
  -------------------------------------------------------------------    -------------------
    SLICE_X0Y4           FDCE                         0.000     0.000 r  fsm_moore/FSM_onehot_state_reg[5]_lopt_replica/C
    SLICE_X0Y4           FDCE (Prop_fdce_C_Q)         0.379     0.379 r  fsm_moore/FSM_onehot_state_reg[5]_lopt_replica/Q
                         net (fo=1, routed)           1.397     1.776    lopt_1
    W14                  OBUF (Prop_obuf_I_O)         2.340     4.116 r  B_moore_OBUF_inst/O
                         net (fo=0)                   0.000     4.116    B_moore
    W14                                                               r  B_moore
  -------------------------------------------------------------------    -------------------

Slack:                    inf
  Source:                 M1
                            (input port)
  Destination:            fsm_moore/FSM_onehot_state_reg[4]_lopt_replica/D
  Path Group:             (none)
  Path Type:              Max at Slow Process Corner
  Data Path Delay:        3.657ns  (logic 1.063ns (29.069%)  route 2.594ns (70.931%))
  Logic Levels:           3  (IBUF=1 LUT3=1 LUT5=1)

    Location             Delay type                Incr(ns)  Path(ns)    Netlist Resource(s)
  -------------------------------------------------------------------    -------------------
    U15                                               0.000     0.000 r  M1
                         net (fo=0)                   0.000     0.000    M1
    U15                  IBUF (Prop_ibuf_I_O)         0.853     0.853 r  M1_IBUF_inst/O
                         net (fo=6, routed)           1.147     2.000    fsm_moore/M1_IBUF
    SLICE_X1Y5           LUT5 (Prop_lut5_I2_O)        0.105     2.105 r  fsm_moore/FSM_onehot_state[6]_i_2/O
                         net (fo=4, routed)           0.557     2.662    fsm_moore/FSM_onehot_state[6]_i_2_n_0
    SLICE_X0Y5           LUT3 (Prop_lut3_I2_O)        0.105     2.767 r  fsm_moore/FSM_onehot_state[4]_i_1/O
                         net (fo=2, routed)           0.891     3.657    fsm_moore/FSM_onehot_state[4]_i_1_n_0
    SLICE_X0Y4           FDCE                                         r  fsm_moore/FSM_onehot_state_reg[4]_lopt_replica/D
  -------------------------------------------------------------------    -------------------

Slack:                    inf
  Source:                 M1
                            (input port)
  Destination:            fsm_moore/FSM_onehot_state_reg[5]_lopt_replica/D
  Path Group:             (none)
  Path Type:              Max at Slow Process Corner
  Data Path Delay:        3.549ns  (logic 1.063ns (29.958%)  route 2.486ns (70.042%))
  Logic Levels:           3  (IBUF=1 LUT3=1 LUT5=1)

    Location             Delay type                Incr(ns)  Path(ns)    Netlist Resource(s)
  -------------------------------------------------------------------    -------------------
    U15                                               0.000     0.000 r  M1
                         net (fo=0)                   0.000     0.000    M1
    U15                  IBUF (Prop_ibuf_I_O)         0.853     0.853 r  M1_IBUF_inst/O
                         net (fo=6, routed)           1.147     2.000    fsm_moore/M1_IBUF
    SLICE_X1Y5           LUT5 (Prop_lut5_I2_O)        0.105     2.105 r  fsm_moore/FSM_onehot_state[6]_i_2/O
                         net (fo=4, routed)           0.554     2.659    fsm_moore/FSM_onehot_state[6]_i_2_n_0
    SLICE_X0Y5           LUT3 (Prop_lut3_I2_O)        0.105     2.764 r  fsm_moore/FSM_onehot_state[5]_i_1/O
                         net (fo=2, routed)           0.785     3.549    fsm_moore/FSM_onehot_state[5]_i_1_n_0
    SLICE_X0Y4           FDCE                                         r  fsm_moore/FSM_onehot_state_reg[5]_lopt_replica/D
  -------------------------------------------------------------------    -------------------

Slack:                    inf
  Source:                 M1
                            (input port)
  Destination:            fsm_moore/FSM_onehot_state_reg[4]/D
  Path Group:             (none)
  Path Type:              Max at Slow Process Corner
  Data Path Delay:        3.422ns  (logic 1.063ns (31.065%)  route 2.359ns (68.935%))
  Logic Levels:           3  (IBUF=1 LUT3=1 LUT5=1)

    Location             Delay type                Incr(ns)  Path(ns)    Netlist Resource(s)
  -------------------------------------------------------------------    -------------------
    U15                                               0.000     0.000 r  M1
                         net (fo=0)                   0.000     0.000    M1
    U15                  IBUF (Prop_ibuf_I_O)         0.853     0.853 r  M1_IBUF_inst/O
                         net (fo=6, routed)           1.147     2.000    fsm_moore/M1_IBUF
    SLICE_X1Y5           LUT5 (Prop_lut5_I2_O)        0.105     2.105 r  fsm_moore/FSM_onehot_state[6]_i_2/O
                         net (fo=4, routed)           0.557     2.662    fsm_moore/FSM_onehot_state[6]_i_2_n_0
    SLICE_X0Y5           LUT3 (Prop_lut3_I2_O)        0.105     2.767 r  fsm_moore/FSM_onehot_state[4]_i_1/O
                         net (fo=2, routed)           0.656     3.422    fsm_moore/FSM_onehot_state[4]_i_1_n_0
    SLICE_X1Y5           FDCE                                         r  fsm_moore/FSM_onehot_state_reg[4]/D
  -------------------------------------------------------------------    -------------------

Slack:                    inf
  Source:                 M1
                            (input port)
  Destination:            fsm_moore/FSM_onehot_state_reg[5]/D
  Path Group:             (none)
  Path Type:              Max at Slow Process Corner
  Data Path Delay:        3.319ns  (logic 1.063ns (32.034%)  route 2.256ns (67.966%))
  Logic Levels:           3  (IBUF=1 LUT3=1 LUT5=1)

    Location             Delay type                Incr(ns)  Path(ns)    Netlist Resource(s)
  -------------------------------------------------------------------    -------------------
    U15                                               0.000     0.000 r  M1
                         net (fo=0)                   0.000     0.000    M1
    U15                  IBUF (Prop_ibuf_I_O)         0.853     0.853 r  M1_IBUF_inst/O
                         net (fo=6, routed)           1.147     2.000    fsm_moore/M1_IBUF
    SLICE_X1Y5           LUT5 (Prop_lut5_I2_O)        0.105     2.105 r  fsm_moore/FSM_onehot_state[6]_i_2/O
                         net (fo=4, routed)           0.554     2.659    fsm_moore/FSM_onehot_state[6]_i_2_n_0
    SLICE_X0Y5           LUT3 (Prop_lut3_I2_O)        0.105     2.764 r  fsm_moore/FSM_onehot_state[5]_i_1/O
                         net (fo=2, routed)           0.555     3.319    fsm_moore/FSM_onehot_state[5]_i_1_n_0
    SLICE_X1Y5           FDCE                                         r  fsm_moore/FSM_onehot_state_reg[5]/D
  -------------------------------------------------------------------    -------------------





Min Delay Paths
--------------------------------------------------------------------------------------
Slack:                    inf
  Source:                 fsm_moore/FSM_onehot_state_reg[1]/C
                            (rising edge-triggered cell FDCE)
  Destination:            fsm_moore/FSM_onehot_state_reg[2]/D
  Path Group:             (none)
  Path Type:              Min at Fast Process Corner
  Data Path Delay:        0.350ns  (logic 0.183ns (52.281%)  route 0.167ns (47.719%))
  Logic Levels:           2  (FDCE=1 LUT5=1)

    Location             Delay type                Incr(ns)  Path(ns)    Netlist Resource(s)
  -------------------------------------------------------------------    -------------------
    SLICE_X1Y5           FDCE                         0.000     0.000 r  fsm_moore/FSM_onehot_state_reg[1]/C
    SLICE_X1Y5           FDCE (Prop_fdce_C_Q)         0.141     0.141 r  fsm_moore/FSM_onehot_state_reg[1]/Q
                         net (fo=3, routed)           0.167     0.308    fsm_moore/FSM_onehot_state_reg_n_0_[1]
    SLICE_X1Y5           LUT5 (Prop_lut5_I0_O)        0.042     0.350 r  fsm_moore/FSM_onehot_state[2]_i_1/O
                         net (fo=1, routed)           0.000     0.350    fsm_moore/FSM_onehot_state[2]_i_1_n_0
    SLICE_X1Y5           FDCE                                         r  fsm_moore/FSM_onehot_state_reg[2]/D
  -------------------------------------------------------------------    -------------------

Slack:                    inf
  Source:                 fsm_moore/FSM_onehot_state_reg[1]/C
                            (rising edge-triggered cell FDCE)
  Destination:            fsm_moore/FSM_onehot_state_reg[1]/D
  Path Group:             (none)
  Path Type:              Min at Fast Process Corner
  Data Path Delay:        0.353ns  (logic 0.186ns (52.687%)  route 0.167ns (47.313%))
  Logic Levels:           2  (FDCE=1 LUT4=1)

    Location             Delay type                Incr(ns)  Path(ns)    Netlist Resource(s)
  -------------------------------------------------------------------    -------------------
    SLICE_X1Y5           FDCE                         0.000     0.000 r  fsm_moore/FSM_onehot_state_reg[1]/C
    SLICE_X1Y5           FDCE (Prop_fdce_C_Q)         0.141     0.141 r  fsm_moore/FSM_onehot_state_reg[1]/Q
                         net (fo=3, routed)           0.167     0.308    fsm_moore/FSM_onehot_state_reg_n_0_[1]
    SLICE_X1Y5           LUT4 (Prop_lut4_I3_O)        0.045     0.353 r  fsm_moore/FSM_onehot_state[1]_i_1/O
                         net (fo=1, routed)           0.000     0.353    fsm_moore/FSM_onehot_state[1]_i_1_n_0
    SLICE_X1Y5           FDCE                                         r  fsm_moore/FSM_onehot_state_reg[1]/D
  -------------------------------------------------------------------    -------------------

Slack:                    inf
  Source:                 fsm_mealy/FSM_sequential_state_reg[1]/C
                            (rising edge-triggered cell FDCE)
  Destination:            fsm_mealy/FSM_sequential_state_reg[0]/D
  Path Group:             (none)
  Path Type:              Min at Fast Process Corner
  Data Path Delay:        0.369ns  (logic 0.186ns (50.418%)  route 0.183ns (49.582%))
  Logic Levels:           2  (FDCE=1 LUT6=1)

    Location             Delay type                Incr(ns)  Path(ns)    Netlist Resource(s)
  -------------------------------------------------------------------    -------------------
    SLICE_X0Y5           FDCE                         0.000     0.000 r  fsm_mealy/FSM_sequential_state_reg[1]/C
    SLICE_X0Y5           FDCE (Prop_fdce_C_Q)         0.141     0.141 r  fsm_mealy/FSM_sequential_state_reg[1]/Q
                         net (fo=5, routed)           0.183     0.324    fsm_mealy/state[1]
    SLICE_X0Y5           LUT6 (Prop_lut6_I0_O)        0.045     0.369 r  fsm_mealy/FSM_sequential_state[0]_i_1/O
                         net (fo=1, routed)           0.000     0.369    fsm_mealy/nextstate[0]
    SLICE_X0Y5           FDCE                                         r  fsm_mealy/FSM_sequential_state_reg[0]/D
  -------------------------------------------------------------------    -------------------

Slack:                    inf
  Source:                 fsm_mealy/FSM_sequential_state_reg[1]/C
                            (rising edge-triggered cell FDCE)
  Destination:            fsm_mealy/FSM_sequential_state_reg[1]/D
  Path Group:             (none)
  Path Type:              Min at Fast Process Corner
  Data Path Delay:        0.374ns  (logic 0.186ns (49.716%)  route 0.188ns (50.284%))
  Logic Levels:           2  (FDCE=1 LUT6=1)

    Location             Delay type                Incr(ns)  Path(ns)    Netlist Resource(s)
  -------------------------------------------------------------------    -------------------
    SLICE_X0Y5           FDCE                         0.000     0.000 r  fsm_mealy/FSM_sequential_state_reg[1]/C
    SLICE_X0Y5           FDCE (Prop_fdce_C_Q)         0.141     0.141 r  fsm_mealy/FSM_sequential_state_reg[1]/Q
                         net (fo=5, routed)           0.188     0.329    fsm_mealy/state[1]
    SLICE_X0Y5           LUT6 (Prop_lut6_I3_O)        0.045     0.374 r  fsm_mealy/FSM_sequential_state[1]_i_1/O
                         net (fo=1, routed)           0.000     0.374    fsm_mealy/nextstate[1]
    SLICE_X0Y5           FDCE                                         r  fsm_mealy/FSM_sequential_state_reg[1]/D
  -------------------------------------------------------------------    -------------------

Slack:                    inf
  Source:                 fsm_moore/FSM_onehot_state_reg[6]/C
                            (rising edge-triggered cell FDCE)
  Destination:            fsm_moore/FSM_onehot_state_reg[0]/D
  Path Group:             (none)
  Path Type:              Min at Fast Process Corner
  Data Path Delay:        0.376ns  (logic 0.186ns (49.525%)  route 0.190ns (50.475%))
  Logic Levels:           2  (FDCE=1 LUT6=1)

    Location             Delay type                Incr(ns)  Path(ns)    Netlist Resource(s)
  -------------------------------------------------------------------    -------------------
    SLICE_X1Y5           FDCE                         0.000     0.000 r  fsm_moore/FSM_onehot_state_reg[6]/C
    SLICE_X1Y5           FDCE (Prop_fdce_C_Q)         0.141     0.141 r  fsm_moore/FSM_onehot_state_reg[6]/Q
                         net (fo=1, routed)           0.190     0.331    fsm_moore/Q[2]
    SLICE_X1Y5           LUT6 (Prop_lut6_I2_O)        0.045     0.376 r  fsm_moore/FSM_onehot_state[0]_i_1/O
                         net (fo=1, routed)           0.000     0.376    fsm_moore/FSM_onehot_state[0]_i_1_n_0
    SLICE_X1Y5           FDPE                                         r  fsm_moore/FSM_onehot_state_reg[0]/D
  -------------------------------------------------------------------    -------------------

Slack:                    inf
  Source:                 reset
                            (input port)
  Destination:            fsm_moore/FSM_onehot_state_reg[0]/PRE
  Path Group:             (none)
  Path Type:              Min at Fast Process Corner
  Data Path Delay:        0.619ns  (logic 0.163ns (26.410%)  route 0.455ns (73.590%))
  Logic Levels:           1  (IBUF=1)

    Location             Delay type                Incr(ns)  Path(ns)    Netlist Resource(s)
  -------------------------------------------------------------------    -------------------
    W17                                               0.000     0.000 f  reset
                         net (fo=0)                   0.000     0.000    reset
    W17                  IBUF (Prop_ibuf_I_O)         0.163     0.163 f  reset_IBUF_inst/O
                         net (fo=12, routed)          0.455     0.619    fsm_moore/AS[0]
    SLICE_X1Y5           FDPE                                         f  fsm_moore/FSM_onehot_state_reg[0]/PRE
  -------------------------------------------------------------------    -------------------

Slack:                    inf
  Source:                 reset
                            (input port)
  Destination:            fsm_moore/FSM_onehot_state_reg[1]/CLR
  Path Group:             (none)
  Path Type:              Min at Fast Process Corner
  Data Path Delay:        0.619ns  (logic 0.163ns (26.410%)  route 0.455ns (73.590%))
  Logic Levels:           1  (IBUF=1)

    Location             Delay type                Incr(ns)  Path(ns)    Netlist Resource(s)
  -------------------------------------------------------------------    -------------------
    W17                                               0.000     0.000 f  reset
                         net (fo=0)                   0.000     0.000    reset
    W17                  IBUF (Prop_ibuf_I_O)         0.163     0.163 f  reset_IBUF_inst/O
                         net (fo=12, routed)          0.455     0.619    fsm_moore/AS[0]
    SLICE_X1Y5           FDCE                                         f  fsm_moore/FSM_onehot_state_reg[1]/CLR
  -------------------------------------------------------------------    -------------------

Slack:                    inf
  Source:                 reset
                            (input port)
  Destination:            fsm_moore/FSM_onehot_state_reg[2]/CLR
  Path Group:             (none)
  Path Type:              Min at Fast Process Corner
  Data Path Delay:        0.619ns  (logic 0.163ns (26.410%)  route 0.455ns (73.590%))
  Logic Levels:           1  (IBUF=1)

    Location             Delay type                Incr(ns)  Path(ns)    Netlist Resource(s)
  -------------------------------------------------------------------    -------------------
    W17                                               0.000     0.000 f  reset
                         net (fo=0)                   0.000     0.000    reset
    W17                  IBUF (Prop_ibuf_I_O)         0.163     0.163 f  reset_IBUF_inst/O
                         net (fo=12, routed)          0.455     0.619    fsm_moore/AS[0]
    SLICE_X1Y5           FDCE                                         f  fsm_moore/FSM_onehot_state_reg[2]/CLR
  -------------------------------------------------------------------    -------------------

Slack:                    inf
  Source:                 reset
                            (input port)
  Destination:            fsm_moore/FSM_onehot_state_reg[4]/CLR
  Path Group:             (none)
  Path Type:              Min at Fast Process Corner
  Data Path Delay:        0.619ns  (logic 0.163ns (26.410%)  route 0.455ns (73.590%))
  Logic Levels:           1  (IBUF=1)

    Location             Delay type                Incr(ns)  Path(ns)    Netlist Resource(s)
  -------------------------------------------------------------------    -------------------
    W17                                               0.000     0.000 f  reset
                         net (fo=0)                   0.000     0.000    reset
    W17                  IBUF (Prop_ibuf_I_O)         0.163     0.163 f  reset_IBUF_inst/O
                         net (fo=12, routed)          0.455     0.619    fsm_moore/AS[0]
    SLICE_X1Y5           FDCE                                         f  fsm_moore/FSM_onehot_state_reg[4]/CLR
  -------------------------------------------------------------------    -------------------

Slack:                    inf
  Source:                 reset
                            (input port)
  Destination:            fsm_moore/FSM_onehot_state_reg[5]/CLR
  Path Group:             (none)
  Path Type:              Min at Fast Process Corner
  Data Path Delay:        0.619ns  (logic 0.163ns (26.410%)  route 0.455ns (73.590%))
  Logic Levels:           1  (IBUF=1)

    Location             Delay type                Incr(ns)  Path(ns)    Netlist Resource(s)
  -------------------------------------------------------------------    -------------------
    W17                                               0.000     0.000 f  reset
                         net (fo=0)                   0.000     0.000    reset
    W17                  IBUF (Prop_ibuf_I_O)         0.163     0.163 f  reset_IBUF_inst/O
                         net (fo=12, routed)          0.455     0.619    fsm_moore/AS[0]
    SLICE_X1Y5           FDCE                                         f  fsm_moore/FSM_onehot_state_reg[5]/CLR
  -------------------------------------------------------------------    -------------------





